=== hotchem front_half START Thu Jul  9 14:40:28 PDT 2026 on t001.grid.gs.washington.edu ===
CUDA_VISIBLE_DEVICES=<unset>
GPU 0: NVIDIA A100-PCIE-40GB (UUID: GPU-c466a255-535a-8f9c-798d-63f27f60ae17)
Discovered 32 wells → /net/trapnell/vol1/home/nlammers/projects/data/morphseq/pipeline_output/acquisition/20260702_hotchem_24hpf_plate01/well_identities/discovered_wells.txt
Discovered 32 wells → /net/trapnell/vol1/home/nlammers/projects/data/morphseq/pipeline_output/acquisition/20260702_hotchem_24hpf_plate02/well_identities/discovered_wells.txt
Discovered 32 wells → /net/trapnell/vol1/home/nlammers/projects/data/morphseq/pipeline_output/acquisition/20260702_hotchem_30hpf_plate01/well_identities/discovered_wells.txt
Discovered 32 wells → /net/trapnell/vol1/home/nlammers/projects/data/morphseq/pipeline_output/acquisition/20260702_hotchem_30hpf_plate02/well_identities/discovered_wells.txt
Discovered 32 wells → /net/trapnell/vol1/home/nlammers/projects/data/morphseq/pipeline_output/acquisition/20260702_hotchem_36hpf_plate01/well_identities/discovered_wells.txt
Discovered 32 wells → /net/trapnell/vol1/home/nlammers/projects/data/morphseq/pipeline_output/acquisition/20260702_hotchem_36hpf_plate02/well_identities/discovered_wells.txt
AUTO_MODE_CHOSEN: requested='auto' -> CUDA
AUTO_MODE_CHOSEN: requested='auto' -> CUDA
AUTO_MODE_CHOSEN: requested='auto' -> CUDA
AUTO_MODE_CHOSEN: requested='auto' -> CUDA
AUTO_MODE_CHOSEN: requested='auto' -> CUDA
AUTO_MODE_CHOSEN: requested='auto' -> CUDA
AUTO_MODE_CHOSEN: requested='auto' -> CUDA
AUTO_MODE_CHOSEN: requested='auto' -> CUDA
AUTO_MODE_CHOSEN: requested='auto' -> CUDA
AUTO_MODE_CHOSEN: requested='auto' -> CUDA
AUTO_MODE_CHOSEN: requested='auto' -> CUDA
AUTO_MODE_CHOSEN: requested='auto' -> CUDA
AUTO_MODE_CHOSEN: requested='auto' -> CUDA
AUTO_MODE_CHOSEN: requested='auto' -> CUDA
AUTO_MODE_CHOSEN: requested='auto' -> CUDA
AUTO_MODE_CHOSEN: requested='auto' -> CUDA
AUTO_MODE_CHOSEN: requested='auto' -> CUDA
AUTO_MODE_CHOSEN: requested='auto' -> CUDA
AUTO_MODE_CHOSEN: requested='auto' -> CUDA
AUTO_MODE_CHOSEN: requested='auto' -> CUDA
AUTO_MODE_CHOSEN: requested='auto' -> CUDA
AUTO_MODE_CHOSEN: requested='auto' -> CUDA
AUTO_MODE_CHOSEN: requested='auto' -> CUDA
AUTO_MODE_CHOSEN: requested='auto' -> CUDA
AUTO_MODE_CHOSEN: requested='auto' -> CUDA
AUTO_MODE_CHOSEN: requested='auto' -> CUDA
AUTO_MODE_CHOSEN: requested='auto' -> CUDA
AUTO_MODE_CHOSEN: requested='auto' -> CUDA
AUTO_MODE_CHOSEN: requested='auto' -> CUDA
AUTO_MODE_CHOSEN: requested='auto' -> CUDA
AUTO_MODE_CHOSEN: requested='auto' -> CUDA
AUTO_MODE_CHOSEN: requested='auto' -> CUDA
AUTO_MODE_CHOSEN: requested='auto' -> CUDA
AUTO_MODE_CHOSEN: requested='auto' -> CUDA
AUTO_MODE_CHOSEN: requested='auto' -> CUDA
AUTO_MODE_CHOSEN: requested='auto' -> CUDA
AUTO_MODE_CHOSEN: requested='auto' -> CUDA
AUTO_MODE_CHOSEN: requested='auto' -> CUDA
AUTO_MODE_CHOSEN: requested='auto' -> CUDA
AUTO_MODE_CHOSEN: requested='auto' -> CUDA
AUTO_MODE_CHOSEN: requested='auto' -> CUDA
AUTO_MODE_CHOSEN: requested='auto' -> CUDA
AUTO_MODE_CHOSEN: requested='auto' -> CUDA
AUTO_MODE_CHOSEN: requested='auto' -> CUDA
AUTO_MODE_CHOSEN: requested='auto' -> CUDA
AUTO_MODE_CHOSEN: requested='auto' -> CUDA
AUTO_MODE_CHOSEN: requested='auto' -> CUDA
AUTO_MODE_CHOSEN: requested='auto' -> CUDA
AUTO_MODE_CHOSEN: requested='auto' -> CUDA
AUTO_MODE_CHOSEN: requested='auto' -> CUDA
AUTO_MODE_CHOSEN: requested='auto' -> CUDA
AUTO_MODE_CHOSEN: requested='auto' -> CUDA
AUTO_MODE_CHOSEN: requested='auto' -> CUDA
AUTO_MODE_CHOSEN: requested='auto' -> CUDA
AUTO_MODE_CHOSEN: requested='auto' -> CUDA
AUTO_MODE_CHOSEN: requested='auto' -> CUDA
AUTO_MODE_CHOSEN: requested='auto' -> CUDA
AUTO_MODE_CHOSEN: requested='auto' -> CUDA
AUTO_MODE_CHOSEN: requested='auto' -> CUDA
AUTO_MODE_CHOSEN: requested='auto' -> CUDA
AUTO_MODE_CHOSEN: requested='auto' -> CUDA
AUTO_MODE_CHOSEN: requested='auto' -> CUDA
AUTO_MODE_CHOSEN: requested='auto' -> CUDA
AUTO_MODE_CHOSEN: requested='auto' -> CUDA
AUTO_MODE_CHOSEN: requested='auto' -> CUDA
AUTO_MODE_CHOSEN: requested='auto' -> CUDA
AUTO_MODE_CHOSEN: requested='auto' -> CUDA
AUTO_MODE_CHOSEN: requested='auto' -> CUDA
AUTO_MODE_CHOSEN: requested='auto' -> CUDA
AUTO_MODE_CHOSEN: requested='auto' -> CUDA
AUTO_MODE_CHOSEN: requested='auto' -> CUDA
AUTO_MODE_CHOSEN: requested='auto' -> CUDA
AUTO_MODE_CHOSEN: requested='auto' -> CUDA
AUTO_MODE_CHOSEN: requested='auto' -> CUDA
AUTO_MODE_CHOSEN: requested='auto' -> CUDA
AUTO_MODE_CHOSEN: requested='auto' -> CUDA
AUTO_MODE_CHOSEN: requested='auto' -> CUDA
AUTO_MODE_CHOSEN: requested='auto' -> CUDA
AUTO_MODE_CHOSEN: requested='auto' -> CUDA
AUTO_MODE_CHOSEN: requested='auto' -> CUDA
AUTO_MODE_CHOSEN: requested='auto' -> CUDA
AUTO_MODE_CHOSEN: requested='auto' -> CUDA
AUTO_MODE_CHOSEN: requested='auto' -> CUDA
AUTO_MODE_CHOSEN: requested='auto' -> CUDA
AUTO_MODE_CHOSEN: requested='auto' -> CUDA
AUTO_MODE_CHOSEN: requested='auto' -> CUDA
AUTO_MODE_CHOSEN: requested='auto' -> CUDA
AUTO_MODE_CHOSEN: requested='auto' -> CUDA
AUTO_MODE_CHOSEN: requested='auto' -> CUDA
AUTO_MODE_CHOSEN: requested='auto' -> CUDA
AUTO_MODE_CHOSEN: requested='auto' -> CUDA
AUTO_MODE_CHOSEN: requested='auto' -> CUDA
AUTO_MODE_CHOSEN: requested='auto' -> CUDA
AUTO_MODE_CHOSEN: requested='auto' -> CUDA
AUTO_MODE_CHOSEN: requested='auto' -> CUDA
AUTO_MODE_CHOSEN: requested='auto' -> CUDA
AUTO_MODE_CHOSEN: requested='auto' -> CUDA
AUTO_MODE_CHOSEN: requested='auto' -> CUDA
AUTO_MODE_CHOSEN: requested='auto' -> CUDA
AUTO_MODE_CHOSEN: requested='auto' -> CUDA
AUTO_MODE_CHOSEN: requested='auto' -> CUDA
AUTO_MODE_CHOSEN: requested='auto' -> CUDA
AUTO_MODE_CHOSEN: requested='auto' -> CUDA
AUTO_MODE_CHOSEN: requested='auto' -> CUDA
AUTO_MODE_CHOSEN: requested='auto' -> CUDA
AUTO_MODE_CHOSEN: requested='auto' -> CUDA
AUTO_MODE_CHOSEN: requested='auto' -> CUDA
AUTO_MODE_CHOSEN: requested='auto' -> CUDA
AUTO_MODE_CHOSEN: requested='auto' -> CUDA
AUTO_MODE_CHOSEN: requested='auto' -> CUDA
AUTO_MODE_CHOSEN: requested='auto' -> CUDA
AUTO_MODE_CHOSEN: requested='auto' -> CUDA
AUTO_MODE_CHOSEN: requested='auto' -> CUDA
AUTO_MODE_CHOSEN: requested='auto' -> CUDA
AUTO_MODE_CHOSEN: requested='auto' -> CUDA
AUTO_MODE_CHOSEN: requested='auto' -> CUDA
AUTO_MODE_CHOSEN: requested='auto' -> CUDA
AUTO_MODE_CHOSEN: requested='auto' -> CUDA
AUTO_MODE_CHOSEN: requested='auto' -> CUDA
AUTO_MODE_CHOSEN: requested='auto' -> CUDA
AUTO_MODE_CHOSEN: requested='auto' -> CUDA
AUTO_MODE_CHOSEN: requested='auto' -> CUDA
AUTO_MODE_CHOSEN: requested='auto' -> CUDA
AUTO_MODE_CHOSEN: requested='auto' -> CUDA
AUTO_MODE_CHOSEN: requested='auto' -> CUDA
AUTO_MODE_CHOSEN: requested='auto' -> CUDA
AUTO_MODE_CHOSEN: requested='auto' -> CUDA
AUTO_MODE_CHOSEN: requested='auto' -> CUDA
AUTO_MODE_CHOSEN: requested='auto' -> CUDA
AUTO_MODE_CHOSEN: requested='auto' -> CUDA
AUTO_MODE_CHOSEN: requested='auto' -> CUDA
AUTO_MODE_CHOSEN: requested='auto' -> CUDA
AUTO_MODE_CHOSEN: requested='auto' -> CUDA
AUTO_MODE_CHOSEN: requested='auto' -> CUDA
AUTO_MODE_CHOSEN: requested='auto' -> CUDA
AUTO_MODE_CHOSEN: requested='auto' -> CUDA
AUTO_MODE_CHOSEN: requested='auto' -> CUDA
AUTO_MODE_CHOSEN: requested='auto' -> CUDA
AUTO_MODE_CHOSEN: requested='auto' -> CUDA
AUTO_MODE_CHOSEN: requested='auto' -> CUDA
AUTO_MODE_CHOSEN: requested='auto' -> CUDA
AUTO_MODE_CHOSEN: requested='auto' -> CUDA
AUTO_MODE_CHOSEN: requested='auto' -> CUDA
AUTO_MODE_CHOSEN: requested='auto' -> CUDA
AUTO_MODE_CHOSEN: requested='auto' -> CUDA
AUTO_MODE_CHOSEN: requested='auto' -> CUDA
AUTO_MODE_CHOSEN: requested='auto' -> CUDA
AUTO_MODE_CHOSEN: requested='auto' -> CUDA
AUTO_MODE_CHOSEN: requested='auto' -> CUDA
AUTO_MODE_CHOSEN: requested='auto' -> CUDA
AUTO_MODE_CHOSEN: requested='auto' -> CUDA
AUTO_MODE_CHOSEN: requested='auto' -> CUDA
AUTO_MODE_CHOSEN: requested='auto' -> CUDA
AUTO_MODE_CHOSEN: requested='auto' -> CUDA
AUTO_MODE_CHOSEN: requested='auto' -> CUDA
AUTO_MODE_CHOSEN: requested='auto' -> CUDA
AUTO_MODE_CHOSEN: requested='auto' -> CUDA
AUTO_MODE_CHOSEN: requested='auto' -> CUDA
AUTO_MODE_CHOSEN: requested='auto' -> CUDA
AUTO_MODE_CHOSEN: requested='auto' -> CUDA
AUTO_MODE_CHOSEN: requested='auto' -> CUDA
AUTO_MODE_CHOSEN: requested='auto' -> CUDA
AUTO_MODE_CHOSEN: requested='auto' -> CUDA
AUTO_MODE_CHOSEN: requested='auto' -> CUDA
AUTO_MODE_CHOSEN: requested='auto' -> CUDA
AUTO_MODE_CHOSEN: requested='auto' -> CUDA
AUTO_MODE_CHOSEN: requested='auto' -> CUDA
AUTO_MODE_CHOSEN: requested='auto' -> CUDA
AUTO_MODE_CHOSEN: requested='auto' -> CUDA
AUTO_MODE_CHOSEN: requested='auto' -> CUDA
AUTO_MODE_CHOSEN: requested='auto' -> CUDA
AUTO_MODE_CHOSEN: requested='auto' -> CUDA
AUTO_MODE_CHOSEN: requested='auto' -> CUDA
AUTO_MODE_CHOSEN: requested='auto' -> CUDA
AUTO_MODE_CHOSEN: requested='auto' -> CUDA
AUTO_MODE_CHOSEN: requested='auto' -> CUDA
AUTO_MODE_CHOSEN: requested='auto' -> CUDA
AUTO_MODE_CHOSEN: requested='auto' -> CUDA
AUTO_MODE_CHOSEN: requested='auto' -> CUDA
AUTO_MODE_CHOSEN: requested='auto' -> CUDA
AUTO_MODE_CHOSEN: requested='auto' -> CUDA
AUTO_MODE_CHOSEN: requested='auto' -> CUDA
AUTO_MODE_CHOSEN: requested='auto' -> CUDA
AUTO_MODE_CHOSEN: requested='auto' -> CUDA
AUTO_MODE_CHOSEN: requested='auto' -> CUDA
AUTO_MODE_CHOSEN: requested='auto' -> CUDA
AUTO_MODE_CHOSEN: requested='auto' -> CUDA
AUTO_MODE_CHOSEN: requested='auto' -> CUDA
AUTO_MODE_CHOSEN: requested='auto' -> CUDA
AUTO_MODE_CHOSEN: requested='auto' -> CUDA
AUTO_MODE_CHOSEN: requested='auto' -> CUDA
AUTO_MODE_CHOSEN: requested='auto' -> CUDA
Project root: /net/trapnell/vol1/home/nlammers/projects/repositories/morphseq
Output root:  /net/trapnell/vol1/home/nlammers/projects/data/morphseq/pipeline_output
Inputs root:  /net/trapnell/vol1/home/nlammers/projects/data/morphseq
Models root:  /net/trapnell/vol1/home/nlammers/projects/data/morphseq/models
Runner:       conda (conda env: segmentation_grounded_sam)
Experiments:  ['20260702_hotchem_24hpf_plate01', '20260702_hotchem_24hpf_plate02', '20260702_hotchem_30hpf_plate01', '20260702_hotchem_30hpf_plate02', '20260702_hotchem_36hpf_plate01', '20260702_hotchem_36hpf_plate02']
Microscope:   Keyence
=== hotchem_front_half FINISHED Thu Jul  9 15:40:17 PDT 2026 on t001.grid.gs.washington.edu - exit 0 ===
