=== hotchem_all6 through_line START Thu Jul  9 13:01:30 PDT 2026 on t005.grid.gs.washington.edu ===
GPU 0: NVIDIA L40S (UUID: GPU-63dcd7d1-e333-ee59-ee42-f46451c98d34)
final text_encoder_type: bert-base-uncased
final text_encoder_type: bert-base-uncased
final text_encoder_type: bert-base-uncased
final text_encoder_type: bert-base-uncased
final text_encoder_type: bert-base-uncased
final text_encoder_type: bert-base-uncased
final text_encoder_type: bert-base-uncased
final text_encoder_type: bert-base-uncased
final text_encoder_type: bert-base-uncased
final text_encoder_type: bert-base-uncased
final text_encoder_type: bert-base-uncased
final text_encoder_type: bert-base-uncased
final text_encoder_type: bert-base-uncased
final text_encoder_type: bert-base-uncased
final text_encoder_type: bert-base-uncased
final text_encoder_type: bert-base-uncased
final text_encoder_type: bert-base-uncased
final text_encoder_type: bert-base-uncased
final text_encoder_type: bert-base-uncased
final text_encoder_type: bert-base-uncased
final text_encoder_type: bert-base-uncased
final text_encoder_type: bert-base-uncased
surface_area_qc band: flag area_um2 OUTSIDE [ k_lower(0.90) x p5 , k_upper(1.40) x p95 ]
  percentiles interpolated per snip at predicted_stage_hpf (wildtype reference, fixed for MVP);
  k = tolerance multiplier beyond the reference curve.
  -> "too small" if area < 0.90 x p5;  "too large" if area > 1.40 x p95.
surface_area_qc band: flag area_um2 OUTSIDE [ k_lower(0.90) x p5 , k_upper(1.40) x p95 ]
  percentiles interpolated per snip at predicted_stage_hpf (wildtype reference, fixed for MVP);
  k = tolerance multiplier beyond the reference curve.
  -> "too small" if area < 0.90 x p5;  "too large" if area > 1.40 x p95.
final text_encoder_type: bert-base-uncased
final text_encoder_type: bert-base-uncased
final text_encoder_type: bert-base-uncased
final text_encoder_type: bert-base-uncased
final text_encoder_type: bert-base-uncased
surface_area_qc band: flag area_um2 OUTSIDE [ k_lower(0.90) x p5 , k_upper(1.40) x p95 ]
  percentiles interpolated per snip at predicted_stage_hpf (wildtype reference, fixed for MVP);
  k = tolerance multiplier beyond the reference curve.
  -> "too small" if area < 0.90 x p5;  "too large" if area > 1.40 x p95.
surface_area_qc band: flag area_um2 OUTSIDE [ k_lower(0.90) x p5 , k_upper(1.40) x p95 ]
  percentiles interpolated per snip at predicted_stage_hpf (wildtype reference, fixed for MVP);
  k = tolerance multiplier beyond the reference curve.
  -> "too small" if area < 0.90 x p5;  "too large" if area > 1.40 x p95.
final text_encoder_type: bert-base-uncased
final text_encoder_type: bert-base-uncased
final text_encoder_type: bert-base-uncased
surface_area_qc band: flag area_um2 OUTSIDE [ k_lower(0.90) x p5 , k_upper(1.40) x p95 ]
  percentiles interpolated per snip at predicted_stage_hpf (wildtype reference, fixed for MVP);
  k = tolerance multiplier beyond the reference curve.
  -> "too small" if area < 0.90 x p5;  "too large" if area > 1.40 x p95.
final text_encoder_type: bert-base-uncased
final text_encoder_type: bert-base-uncased
final text_encoder_type: bert-base-uncased
final text_encoder_type: bert-base-uncased
final text_encoder_type: bert-base-uncased
final text_encoder_type: bert-base-uncased
surface_area_qc band: flag area_um2 OUTSIDE [ k_lower(0.90) x p5 , k_upper(1.40) x p95 ]
  percentiles interpolated per snip at predicted_stage_hpf (wildtype reference, fixed for MVP);
  k = tolerance multiplier beyond the reference curve.
  -> "too small" if area < 0.90 x p5;  "too large" if area > 1.40 x p95.
surface_area_qc band: flag area_um2 OUTSIDE [ k_lower(0.90) x p5 , k_upper(1.40) x p95 ]
  percentiles interpolated per snip at predicted_stage_hpf (wildtype reference, fixed for MVP);
  k = tolerance multiplier beyond the reference curve.
  -> "too small" if area < 0.90 x p5;  "too large" if area > 1.40 x p95.
final text_encoder_type: bert-base-uncased
final text_encoder_type: bert-base-uncased
surface_area_qc band: flag area_um2 OUTSIDE [ k_lower(0.90) x p5 , k_upper(1.40) x p95 ]
  percentiles interpolated per snip at predicted_stage_hpf (wildtype reference, fixed for MVP);
  k = tolerance multiplier beyond the reference curve.
  -> "too small" if area < 0.90 x p5;  "too large" if area > 1.40 x p95.
surface_area_qc band: flag area_um2 OUTSIDE [ k_lower(0.90) x p5 , k_upper(1.40) x p95 ]
  percentiles interpolated per snip at predicted_stage_hpf (wildtype reference, fixed for MVP);
  k = tolerance multiplier beyond the reference curve.
  -> "too small" if area < 0.90 x p5;  "too large" if area > 1.40 x p95.
final text_encoder_type: bert-base-uncased
surface_area_qc band: flag area_um2 OUTSIDE [ k_lower(0.90) x p5 , k_upper(1.40) x p95 ]
  percentiles interpolated per snip at predicted_stage_hpf (wildtype reference, fixed for MVP);
  k = tolerance multiplier beyond the reference curve.
  -> "too small" if area < 0.90 x p5;  "too large" if area > 1.40 x p95.
final text_encoder_type: bert-base-uncased
final text_encoder_type: bert-base-uncased
surface_area_qc band: flag area_um2 OUTSIDE [ k_lower(0.90) x p5 , k_upper(1.40) x p95 ]
  percentiles interpolated per snip at predicted_stage_hpf (wildtype reference, fixed for MVP);
  k = tolerance multiplier beyond the reference curve.
  -> "too small" if area < 0.90 x p5;  "too large" if area > 1.40 x p95.
final text_encoder_type: bert-base-uncased
surface_area_qc band: flag area_um2 OUTSIDE [ k_lower(0.90) x p5 , k_upper(1.40) x p95 ]
  percentiles interpolated per snip at predicted_stage_hpf (wildtype reference, fixed for MVP);
  k = tolerance multiplier beyond the reference curve.
  -> "too small" if area < 0.90 x p5;  "too large" if area > 1.40 x p95.
final text_encoder_type: bert-base-uncased
final text_encoder_type: bert-base-uncased
final text_encoder_type: bert-base-uncased
surface_area_qc band: flag area_um2 OUTSIDE [ k_lower(0.90) x p5 , k_upper(1.40) x p95 ]
  percentiles interpolated per snip at predicted_stage_hpf (wildtype reference, fixed for MVP);
  k = tolerance multiplier beyond the reference curve.
  -> "too small" if area < 0.90 x p5;  "too large" if area > 1.40 x p95.
final text_encoder_type: bert-base-uncased
final text_encoder_type: bert-base-uncased
final text_encoder_type: bert-base-uncased
final text_encoder_type: bert-base-uncased
final text_encoder_type: bert-base-uncased
final text_encoder_type: bert-base-uncased
final text_encoder_type: bert-base-uncased
final text_encoder_type: bert-base-uncased
final text_encoder_type: bert-base-uncased
final text_encoder_type: bert-base-uncased
final text_encoder_type: bert-base-uncased
final text_encoder_type: bert-base-uncased
final text_encoder_type: bert-base-uncased
final text_encoder_type: bert-base-uncased
final text_encoder_type: bert-base-uncased
final text_encoder_type: bert-base-uncased
surface_area_qc band: flag area_um2 OUTSIDE [ k_lower(0.90) x p5 , k_upper(1.40) x p95 ]
  percentiles interpolated per snip at predicted_stage_hpf (wildtype reference, fixed for MVP);
  k = tolerance multiplier beyond the reference curve.
  -> "too small" if area < 0.90 x p5;  "too large" if area > 1.40 x p95.
final text_encoder_type: bert-base-uncased
final text_encoder_type: bert-base-uncased
final text_encoder_type: bert-base-uncased
final text_encoder_type: bert-base-uncased
final text_encoder_type: bert-base-uncased
final text_encoder_type: bert-base-uncased
final text_encoder_type: bert-base-uncased
final text_encoder_type: bert-base-uncased
final text_encoder_type: bert-base-uncased
surface_area_qc band: flag area_um2 OUTSIDE [ k_lower(0.90) x p5 , k_upper(1.40) x p95 ]
  percentiles interpolated per snip at predicted_stage_hpf (wildtype reference, fixed for MVP);
  k = tolerance multiplier beyond the reference curve.
  -> "too small" if area < 0.90 x p5;  "too large" if area > 1.40 x p95.
surface_area_qc band: flag area_um2 OUTSIDE [ k_lower(0.90) x p5 , k_upper(1.40) x p95 ]
  percentiles interpolated per snip at predicted_stage_hpf (wildtype reference, fixed for MVP);
  k = tolerance multiplier beyond the reference curve.
  -> "too small" if area < 0.90 x p5;  "too large" if area > 1.40 x p95.
surface_area_qc band: flag area_um2 OUTSIDE [ k_lower(0.90) x p5 , k_upper(1.40) x p95 ]
  percentiles interpolated per snip at predicted_stage_hpf (wildtype reference, fixed for MVP);
  k = tolerance multiplier beyond the reference curve.
  -> "too small" if area < 0.90 x p5;  "too large" if area > 1.40 x p95.
final text_encoder_type: bert-base-uncased
final text_encoder_type: bert-base-uncased
final text_encoder_type: bert-base-uncased
surface_area_qc band: flag area_um2 OUTSIDE [ k_lower(0.90) x p5 , k_upper(1.40) x p95 ]
  percentiles interpolated per snip at predicted_stage_hpf (wildtype reference, fixed for MVP);
  k = tolerance multiplier beyond the reference curve.
  -> "too small" if area < 0.90 x p5;  "too large" if area > 1.40 x p95.
surface_area_qc band: flag area_um2 OUTSIDE [ k_lower(0.90) x p5 , k_upper(1.40) x p95 ]
  percentiles interpolated per snip at predicted_stage_hpf (wildtype reference, fixed for MVP);
  k = tolerance multiplier beyond the reference curve.
  -> "too small" if area < 0.90 x p5;  "too large" if area > 1.40 x p95.
surface_area_qc band: flag area_um2 OUTSIDE [ k_lower(0.90) x p5 , k_upper(1.40) x p95 ]
  percentiles interpolated per snip at predicted_stage_hpf (wildtype reference, fixed for MVP);
  k = tolerance multiplier beyond the reference curve.
  -> "too small" if area < 0.90 x p5;  "too large" if area > 1.40 x p95.
surface_area_qc band: flag area_um2 OUTSIDE [ k_lower(0.90) x p5 , k_upper(1.40) x p95 ]
  percentiles interpolated per snip at predicted_stage_hpf (wildtype reference, fixed for MVP);
  k = tolerance multiplier beyond the reference curve.
  -> "too small" if area < 0.90 x p5;  "too large" if area > 1.40 x p95.
surface_area_qc band: flag area_um2 OUTSIDE [ k_lower(0.90) x p5 , k_upper(1.40) x p95 ]
  percentiles interpolated per snip at predicted_stage_hpf (wildtype reference, fixed for MVP);
  k = tolerance multiplier beyond the reference curve.
  -> "too small" if area < 0.90 x p5;  "too large" if area > 1.40 x p95.
surface_area_qc band: flag area_um2 OUTSIDE [ k_lower(0.90) x p5 , k_upper(1.40) x p95 ]
  percentiles interpolated per snip at predicted_stage_hpf (wildtype reference, fixed for MVP);
  k = tolerance multiplier beyond the reference curve.
  -> "too small" if area < 0.90 x p5;  "too large" if area > 1.40 x p95.
final text_encoder_type: bert-base-uncased
final text_encoder_type: bert-base-uncased
final text_encoder_type: bert-base-uncased
final text_encoder_type: bert-base-uncased
final text_encoder_type: bert-base-uncased
final text_encoder_type: bert-base-uncased
final text_encoder_type: bert-base-uncased
final text_encoder_type: bert-base-uncased
surface_area_qc band: flag area_um2 OUTSIDE [ k_lower(0.90) x p5 , k_upper(1.40) x p95 ]
  percentiles interpolated per snip at predicted_stage_hpf (wildtype reference, fixed for MVP);
  k = tolerance multiplier beyond the reference curve.
  -> "too small" if area < 0.90 x p5;  "too large" if area > 1.40 x p95.
surface_area_qc band: flag area_um2 OUTSIDE [ k_lower(0.90) x p5 , k_upper(1.40) x p95 ]
  percentiles interpolated per snip at predicted_stage_hpf (wildtype reference, fixed for MVP);
  k = tolerance multiplier beyond the reference curve.
  -> "too small" if area < 0.90 x p5;  "too large" if area > 1.40 x p95.
surface_area_qc band: flag area_um2 OUTSIDE [ k_lower(0.90) x p5 , k_upper(1.40) x p95 ]
  percentiles interpolated per snip at predicted_stage_hpf (wildtype reference, fixed for MVP);
  k = tolerance multiplier beyond the reference curve.
  -> "too small" if area < 0.90 x p5;  "too large" if area > 1.40 x p95.
surface_area_qc band: flag area_um2 OUTSIDE [ k_lower(0.90) x p5 , k_upper(1.40) x p95 ]
  percentiles interpolated per snip at predicted_stage_hpf (wildtype reference, fixed for MVP);
  k = tolerance multiplier beyond the reference curve.
  -> "too small" if area < 0.90 x p5;  "too large" if area > 1.40 x p95.
final text_encoder_type: bert-base-uncased
final text_encoder_type: bert-base-uncased
final text_encoder_type: bert-base-uncased
final text_encoder_type: bert-base-uncased
surface_area_qc band: flag area_um2 OUTSIDE [ k_lower(0.90) x p5 , k_upper(1.40) x p95 ]
  percentiles interpolated per snip at predicted_stage_hpf (wildtype reference, fixed for MVP);
  k = tolerance multiplier beyond the reference curve.
  -> "too small" if area < 0.90 x p5;  "too large" if area > 1.40 x p95.
final text_encoder_type: bert-base-uncased
final text_encoder_type: bert-base-uncased
final text_encoder_type: bert-base-uncased
final text_encoder_type: bert-base-uncased
final text_encoder_type: bert-base-uncased
surface_area_qc band: flag area_um2 OUTSIDE [ k_lower(0.90) x p5 , k_upper(1.40) x p95 ]
  percentiles interpolated per snip at predicted_stage_hpf (wildtype reference, fixed for MVP);
  k = tolerance multiplier beyond the reference curve.
  -> "too small" if area < 0.90 x p5;  "too large" if area > 1.40 x p95.
