=== hotchem front_half START Thu Jul  9 15:48:18 PDT 2026 on t005.grid.gs.washington.edu ===
CUDA_VISIBLE_DEVICES=<unset>
FORCE_DISCOVERY=1
GPU 0: NVIDIA L40S (UUID: GPU-63dcd7d1-e333-ee59-ee42-f46451c98d34)
Discovered 96 wells → /net/trapnell/vol1/home/nlammers/projects/data/morphseq/pipeline_output/acquisition/20260702_hotchem_24hpf_plate01/well_identities/discovered_wells.txt
Discovered 96 wells → /net/trapnell/vol1/home/nlammers/projects/data/morphseq/pipeline_output/acquisition/20260702_hotchem_24hpf_plate02/well_identities/discovered_wells.txt
AUTO_MODE_CHOSEN: requested='auto' -> CUDA
AUTO_MODE_CHOSEN: requested='auto' -> CUDA
AUTO_MODE_CHOSEN: requested='auto' -> CUDA
AUTO_MODE_CHOSEN: requested='auto' -> CUDA
AUTO_MODE_CHOSEN: requested='auto' -> CUDA
AUTO_MODE_CHOSEN: requested='auto' -> CUDA
AUTO_MODE_CHOSEN: requested='auto' -> CUDA
AUTO_MODE_CHOSEN: requested='auto' -> CUDA
AUTO_MODE_CHOSEN: requested='auto' -> CUDA
AUTO_MODE_CHOSEN: requested='auto' -> CUDA
AUTO_MODE_CHOSEN: requested='auto' -> CUDA
AUTO_MODE_CHOSEN: requested='auto' -> CUDA
Discovered 96 wells → /net/trapnell/vol1/home/nlammers/projects/data/morphseq/pipeline_output/acquisition/20260702_hotchem_36hpf_plate02/well_identities/discovered_wells.txt
AUTO_MODE_CHOSEN: requested='auto' -> CUDA
AUTO_MODE_CHOSEN: requested='auto' -> CUDA
AUTO_MODE_CHOSEN: requested='auto' -> CUDA
AUTO_MODE_CHOSEN: requested='auto' -> CUDA
AUTO_MODE_CHOSEN: requested='auto' -> CUDA
AUTO_MODE_CHOSEN: requested='auto' -> CUDA
Discovered 96 wells → /net/trapnell/vol1/home/nlammers/projects/data/morphseq/pipeline_output/acquisition/20260702_hotchem_30hpf_plate02/well_identities/discovered_wells.txt
AUTO_MODE_CHOSEN: requested='auto' -> CUDA
AUTO_MODE_CHOSEN: requested='auto' -> CUDA
AUTO_MODE_CHOSEN: requested='auto' -> CUDA
AUTO_MODE_CHOSEN: requested='auto' -> CUDA
AUTO_MODE_CHOSEN: requested='auto' -> CUDA
AUTO_MODE_CHOSEN: requested='auto' -> CUDA
AUTO_MODE_CHOSEN: requested='auto' -> CUDA
AUTO_MODE_CHOSEN: requested='auto' -> CUDA
AUTO_MODE_CHOSEN: requested='auto' -> CUDA
AUTO_MODE_CHOSEN: requested='auto' -> CUDA
AUTO_MODE_CHOSEN: requested='auto' -> CUDA
AUTO_MODE_CHOSEN: requested='auto' -> CUDA
AUTO_MODE_CHOSEN: requested='auto' -> CUDA
AUTO_MODE_CHOSEN: requested='auto' -> CUDA
AUTO_MODE_CHOSEN: requested='auto' -> CUDA
AUTO_MODE_CHOSEN: requested='auto' -> CUDA
AUTO_MODE_CHOSEN: requested='auto' -> CUDA
AUTO_MODE_CHOSEN: requested='auto' -> CUDA
AUTO_MODE_CHOSEN: requested='auto' -> CUDA
AUTO_MODE_CHOSEN: requested='auto' -> CUDA
AUTO_MODE_CHOSEN: requested='auto' -> CUDA
AUTO_MODE_CHOSEN: requested='auto' -> CUDA
AUTO_MODE_CHOSEN: requested='auto' -> CUDA
AUTO_MODE_CHOSEN: requested='auto' -> CUDA
AUTO_MODE_CHOSEN: requested='auto' -> CUDA
AUTO_MODE_CHOSEN: requested='auto' -> CUDA
AUTO_MODE_CHOSEN: requested='auto' -> CUDA
AUTO_MODE_CHOSEN: requested='auto' -> CUDA
AUTO_MODE_CHOSEN: requested='auto' -> CUDA
AUTO_MODE_CHOSEN: requested='auto' -> CUDA
AUTO_MODE_CHOSEN: requested='auto' -> CUDA
AUTO_MODE_CHOSEN: requested='auto' -> CUDA
AUTO_MODE_CHOSEN: requested='auto' -> CUDA
AUTO_MODE_CHOSEN: requested='auto' -> CUDA
AUTO_MODE_CHOSEN: requested='auto' -> CUDA
AUTO_MODE_CHOSEN: requested='auto' -> CUDA
AUTO_MODE_CHOSEN: requested='auto' -> CUDA
AUTO_MODE_CHOSEN: requested='auto' -> CUDA
AUTO_MODE_CHOSEN: requested='auto' -> CUDA
AUTO_MODE_CHOSEN: requested='auto' -> CUDA
AUTO_MODE_CHOSEN: requested='auto' -> CUDA
AUTO_MODE_CHOSEN: requested='auto' -> CUDA
AUTO_MODE_CHOSEN: requested='auto' -> CUDA
AUTO_MODE_CHOSEN: requested='auto' -> CUDA
AUTO_MODE_CHOSEN: requested='auto' -> CUDA
AUTO_MODE_CHOSEN: requested='auto' -> CUDA
AUTO_MODE_CHOSEN: requested='auto' -> CUDA
AUTO_MODE_CHOSEN: requested='auto' -> CUDA
AUTO_MODE_CHOSEN: requested='auto' -> CUDA
AUTO_MODE_CHOSEN: requested='auto' -> CUDA
AUTO_MODE_CHOSEN: requested='auto' -> CUDA
AUTO_MODE_CHOSEN: requested='auto' -> CUDA
AUTO_MODE_CHOSEN: requested='auto' -> CUDA
AUTO_MODE_CHOSEN: requested='auto' -> CUDA
AUTO_MODE_CHOSEN: requested='auto' -> CUDA
AUTO_MODE_CHOSEN: requested='auto' -> CUDA
AUTO_MODE_CHOSEN: requested='auto' -> CUDA
AUTO_MODE_CHOSEN: requested='auto' -> CUDA
AUTO_MODE_CHOSEN: requested='auto' -> CUDA
AUTO_MODE_CHOSEN: requested='auto' -> CUDA
AUTO_MODE_CHOSEN: requested='auto' -> CUDA
AUTO_MODE_CHOSEN: requested='auto' -> CUDA
AUTO_MODE_CHOSEN: requested='auto' -> CUDA
AUTO_MODE_CHOSEN: requested='auto' -> CUDA
AUTO_MODE_CHOSEN: requested='auto' -> CUDA
AUTO_MODE_CHOSEN: requested='auto' -> CUDA
Discovered 96 wells → /net/trapnell/vol1/home/nlammers/projects/data/morphseq/pipeline_output/acquisition/20260702_hotchem_30hpf_plate01/well_identities/discovered_wells.txt
AUTO_MODE_CHOSEN: requested='auto' -> CUDA
AUTO_MODE_CHOSEN: requested='auto' -> CUDA
AUTO_MODE_CHOSEN: requested='auto' -> CUDA
AUTO_MODE_CHOSEN: requested='auto' -> CUDA
AUTO_MODE_CHOSEN: requested='auto' -> CUDA
AUTO_MODE_CHOSEN: requested='auto' -> CUDA
AUTO_MODE_CHOSEN: requested='auto' -> CUDA
AUTO_MODE_CHOSEN: requested='auto' -> CUDA
AUTO_MODE_CHOSEN: requested='auto' -> CUDA
AUTO_MODE_CHOSEN: requested='auto' -> CUDA
AUTO_MODE_CHOSEN: requested='auto' -> CUDA
AUTO_MODE_CHOSEN: requested='auto' -> CUDA
AUTO_MODE_CHOSEN: requested='auto' -> CUDA
AUTO_MODE_CHOSEN: requested='auto' -> CUDA
AUTO_MODE_CHOSEN: requested='auto' -> CUDA
AUTO_MODE_CHOSEN: requested='auto' -> CUDA
AUTO_MODE_CHOSEN: requested='auto' -> CUDA
AUTO_MODE_CHOSEN: requested='auto' -> CUDA
AUTO_MODE_CHOSEN: requested='auto' -> CUDA
AUTO_MODE_CHOSEN: requested='auto' -> CUDA
AUTO_MODE_CHOSEN: requested='auto' -> CUDA
AUTO_MODE_CHOSEN: requested='auto' -> CUDA
AUTO_MODE_CHOSEN: requested='auto' -> CUDA
AUTO_MODE_CHOSEN: requested='auto' -> CUDA
AUTO_MODE_CHOSEN: requested='auto' -> CUDA
AUTO_MODE_CHOSEN: requested='auto' -> CUDA
AUTO_MODE_CHOSEN: requested='auto' -> CUDA
AUTO_MODE_CHOSEN: requested='auto' -> CUDA
AUTO_MODE_CHOSEN: requested='auto' -> CUDA
AUTO_MODE_CHOSEN: requested='auto' -> CUDA
AUTO_MODE_CHOSEN: requested='auto' -> CUDA
AUTO_MODE_CHOSEN: requested='auto' -> CUDA
AUTO_MODE_CHOSEN: requested='auto' -> CUDA
AUTO_MODE_CHOSEN: requested='auto' -> CUDA
AUTO_MODE_CHOSEN: requested='auto' -> CUDA
AUTO_MODE_CHOSEN: requested='auto' -> CUDA
Discovered 96 wells → /net/trapnell/vol1/home/nlammers/projects/data/morphseq/pipeline_output/acquisition/20260702_hotchem_36hpf_plate01/well_identities/discovered_wells.txt
AUTO_MODE_CHOSEN: requested='auto' -> CUDA
AUTO_MODE_CHOSEN: requested='auto' -> CUDA
AUTO_MODE_CHOSEN: requested='auto' -> CUDA
AUTO_MODE_CHOSEN: requested='auto' -> CUDA
AUTO_MODE_CHOSEN: requested='auto' -> CUDA
AUTO_MODE_CHOSEN: requested='auto' -> CUDA
AUTO_MODE_CHOSEN: requested='auto' -> CUDA
AUTO_MODE_CHOSEN: requested='auto' -> CUDA
AUTO_MODE_CHOSEN: requested='auto' -> CUDA
AUTO_MODE_CHOSEN: requested='auto' -> CUDA
AUTO_MODE_CHOSEN: requested='auto' -> CUDA
AUTO_MODE_CHOSEN: requested='auto' -> CUDA
AUTO_MODE_CHOSEN: requested='auto' -> CUDA
AUTO_MODE_CHOSEN: requested='auto' -> CUDA
AUTO_MODE_CHOSEN: requested='auto' -> CUDA
AUTO_MODE_CHOSEN: requested='auto' -> CUDA
AUTO_MODE_CHOSEN: requested='auto' -> CUDA
AUTO_MODE_CHOSEN: requested='auto' -> CUDA
AUTO_MODE_CHOSEN: requested='auto' -> CUDA
AUTO_MODE_CHOSEN: requested='auto' -> CUDA
AUTO_MODE_CHOSEN: requested='auto' -> CUDA
AUTO_MODE_CHOSEN: requested='auto' -> CUDA
AUTO_MODE_CHOSEN: requested='auto' -> CUDA
AUTO_MODE_CHOSEN: requested='auto' -> CUDA
